#! /c/Source/iverilog-install/bin/vvp
:ivl_version "12.0 (devel)" "(s20150603-1539-g2693dd32b)";
:ivl_delay_selection "TYPICAL";
:vpi_time_precision + 0;
:vpi_module "C:\iverilog\lib\ivl\system.vpi";
:vpi_module "C:\iverilog\lib\ivl\vhdl_sys.vpi";
:vpi_module "C:\iverilog\lib\ivl\vhdl_textio.vpi";
:vpi_module "C:\iverilog\lib\ivl\v2005_math.vpi";
:vpi_module "C:\iverilog\lib\ivl\va_math.vpi";
S_000001984a782620 .scope module, "counter" "counter" 2 1;
 .timescale 0 0;
    .port_info 0 /INPUT 1 "reset";
    .port_info 1 /INPUT 1 "clk";
    .port_info 2 /INPUT 8 "wdata";
    .port_info 3 /INPUT 1 "wr";
    .port_info 4 /OUTPUT 8 "data";
o000001984a7b6ef8 .functor BUFZ 1, C4<z>; HiZ drive
v000001984a782d70_0 .net "clk", 0 0, o000001984a7b6ef8;  0 drivers
v000001984a782b50_0 .var "data", 7 0;
o000001984a7b6f58 .functor BUFZ 1, C4<z>; HiZ drive
v000001984a7827b0_0 .net "reset", 0 0, o000001984a7b6f58;  0 drivers
o000001984a7b6f88 .functor BUFZ 8, C4<zzzzzzzz>; HiZ drive
v000001984a782850_0 .net "wdata", 7 0, o000001984a7b6f88;  0 drivers
o000001984a7b6fb8 .functor BUFZ 1, C4<z>; HiZ drive
v000001984a7828f0_0 .net "wr", 0 0, o000001984a7b6fb8;  0 drivers
E_000001984a8a8020 .event posedge, v000001984a7827b0_0, v000001984a782d70_0;
    .scope S_000001984a782620;
T_0 ;
    %wait E_000001984a8a8020;
    %load/vec4 v000001984a7827b0_0;
    %flag_set/vec4 8;
    %jmp/0xz  T_0.0, 8;
    %pushi/vec4 0, 0, 8;
    %assign/vec4 v000001984a782b50_0, 0;
    %jmp T_0.1;
T_0.0 ;
    %load/vec4 v000001984a7828f0_0;
    %flag_set/vec4 8;
    %jmp/0xz  T_0.2, 8;
    %load/vec4 v000001984a782850_0;
    %assign/vec4 v000001984a782b50_0, 0;
    %vpi_call 2 15 "$display", "written %h", v000001984a782850_0 {0 0 0};
    %jmp T_0.3;
T_0.2 ;
    %load/vec4 v000001984a782b50_0;
    %addi 1, 0, 8;
    %assign/vec4 v000001984a782b50_0, 0;
T_0.3 ;
T_0.1 ;
    %jmp T_0;
    .thread T_0;
# The file index is used to find the file name in the following table.
:file_names 3;
    "N/A";
    "<interactive>";
    "icarus-tests\counter.v";
